// Jest Snapshot v1, https://goo.gl/fbAQLP

exports[`BreadCrumbs renders correctly 1`] = `
<ul
  class="cloud-breadcrumbs cloud-breadcrumbs-default"
>
  <li>
    <span
      class="title"
    >
      首页
    </span>
    <span
      class="split"
    >
      /
    </span>
  </li>
  <li>
    <span
      class="title"
    >
      面包屑
    </span>
  </li>
</ul>
`;
