// Jest Snapshot v1, https://goo.gl/fbAQLP

exports[`Tabs renders correctly 1`] = `
<div
  class="cloud-tabs"
>
  <section
    class="cloud-tabs-header-card"
  >
    <div
      class="cloud-tabs-items"
    >
      <div
        class="cloud-tabs-items-scroll"
      >
        <span
          class="cloud-tabs-item-card active"
        >
          tab
        </span>
      </div>
    </div>
  </section>
  <div
    class="cloud-tabpanel-container"
  >
    tab
  </div>
</div>
`;

exports[`Tabs should scroll to active when tabs is longer than container 1`] = `
<Test>
  <Tabs
    activeClassName="active"
    activeKey="tab5"
    className=""
    defaultActiveKey=""
    mode="reset"
    onChange={[Function]}
    onClose={[Function]}
    step={0}
    style={
      Object {
        "width": 800,
      }
    }
    type="card"
  >
    <div
      className="cloud-tabs"
      style={
        Object {
          "width": 800,
        }
      }
    >
      <section
        className="cloud-tabs-header-card"
      >
        <div
          className="cloud-tabs-items"
        >
          <div
            className="cloud-tabs-items-scroll"
          >
            <span
              className="cloud-tabs-item-card"
              key="tab1"
              onClick={[Function]}
              style={
                Object {
                  "width": 150,
                }
              }
            >
              <Tooltip
                clear={false}
                container={[Function]}
                content="tab1"
                mouseEnterDelay={1}
                mouseLeaveDelay={1}
                placement="auto"
                theme="dark"
                trigger="hover"
              >
                <div
                  onClick={[Function]}
                  onMouseEnter={[Function]}
                  onMouseLeave={[Function]}
                  style={
                    Object {
                      "display": "contents",
                    }
                  }
                >
                  <span>
                    tab1
                  </span>
                </div>
              </Tooltip>
            </span>
            <span
              className="cloud-tabs-item-card"
              key="tab2"
              onClick={[Function]}
              style={
                Object {
                  "width": 150,
                }
              }
            >
              <Tooltip
                clear={false}
                container={[Function]}
                content="tab2"
                mouseEnterDelay={1}
                mouseLeaveDelay={1}
                placement="auto"
                theme="dark"
                trigger="hover"
              >
                <div
                  onClick={[Function]}
                  onMouseEnter={[Function]}
                  onMouseLeave={[Function]}
                  style={
                    Object {
                      "display": "contents",
                    }
                  }
                >
                  <span>
                    tab2
                  </span>
                </div>
              </Tooltip>
            </span>
            <span
              className="cloud-tabs-item-card"
              key="tab3"
              onClick={[Function]}
              style={
                Object {
                  "width": 150,
                }
              }
            >
              <Tooltip
                clear={false}
                container={[Function]}
                content="tab3"
                mouseEnterDelay={1}
                mouseLeaveDelay={1}
                placement="auto"
                theme="dark"
                trigger="hover"
              >
                <div
                  onClick={[Function]}
                  onMouseEnter={[Function]}
                  onMouseLeave={[Function]}
                  style={
                    Object {
                      "display": "contents",
                    }
                  }
                >
                  <span>
                    tab3
                  </span>
                </div>
              </Tooltip>
            </span>
            <span
              className="cloud-tabs-item-card"
              key="tab4"
              onClick={[Function]}
              style={
                Object {
                  "width": 150,
                }
              }
            >
              <Tooltip
                clear={false}
                container={[Function]}
                content="tab4"
                mouseEnterDelay={1}
                mouseLeaveDelay={1}
                placement="auto"
                theme="dark"
                trigger="hover"
              >
                <div
                  onClick={[Function]}
                  onMouseEnter={[Function]}
                  onMouseLeave={[Function]}
                  style={
                    Object {
                      "display": "contents",
                    }
                  }
                >
                  <span>
                    tab4
                  </span>
                </div>
              </Tooltip>
            </span>
            <span
              className="cloud-tabs-item-card active"
              key="tab5"
              onClick={[Function]}
              style={
                Object {
                  "width": 150,
                }
              }
            >
              <Tooltip
                clear={false}
                container={[Function]}
                content="tab5"
                mouseEnterDelay={1}
                mouseLeaveDelay={1}
                placement="auto"
                theme="dark"
                trigger="hover"
              >
                <div
                  onClick={[Function]}
                  onMouseEnter={[Function]}
                  onMouseLeave={[Function]}
                  style={
                    Object {
                      "display": "contents",
                    }
                  }
                >
                  <span>
                    tab5
                  </span>
                </div>
              </Tooltip>
              <span
                className="closable-wrapper"
              >
                <Icon
                  className="closable"
                  onClick={[Function]}
                  type="close"
                >
                  <i
                    className="closable cloud-icon cloud-icon-close"
                    onClick={[Function]}
                    style={Object {}}
                  />
                </Icon>
              </span>
            </span>
          </div>
        </div>
      </section>
      <Component
        className=""
        closable={true}
        disabled={false}
        fixed={false}
        key="tab5"
        style={Object {}}
        tab="tab5"
        tabBarStyle={
          Object {
            "width": 150,
          }
        }
      >
        <div
          className="cloud-tabpanel-container"
          style={Object {}}
        >
          panel5
        </div>
      </Component>
    </div>
  </Tabs>
</Test>
`;
