// Jest Snapshot v1, https://goo.gl/fbAQLP

exports[`Tabs renders correctly 1`] = `
<div
  class="cloud-tabs"
>
  <section
    class="cloud-tabs-header-card"
  >
    <div
      class="cloud-tabs-items"
    >
      <div
        class="cloud-tabs-items-scroll"
      >
        <span
          class="cloud-tabs-item-card active cloud-tabs-container"
        >
          tab
        </span>
      </div>
    </div>
  </section>
  <div
    class="cloud-tabpanel-container"
  >
    tab
  </div>
</div>
`;
