// Jest Snapshot v1, https://goo.gl/fbAQLP

exports[`Pagination renders correctly 1`] = `
<div
  class="cloud-pagination cloud-pagination-default"
>
  <ul
    class="false"
  >
    <li
      class="pre-page nomore"
      role="presentation"
    >
      <i
        class="pg-icon cloud-icon icon-left"
      />
    </li>
    <li
      class="active"
      role="presentation"
    >
      1
    </li>
    <li
      class="next-page "
      role="presentation"
    >
      <i
        class="pg-icon cloud-icon icon-right"
      />
    </li>
  </ul>
</div>
`;
