// Jest Snapshot v1, https://goo.gl/fbAQLP

exports[`Tips renders correctly 1`] = `
<div
  class="cloud-tips default normal"
>
  <div
    class="cloud-tips-container default-container"
  >
    <div
      class="content"
    >
      <div
        class="msg"
      >
        <div>
          默认提示信息
        </div>
      </div>
    </div>
  </div>
</div>
`;
