// Jest Snapshot v1, https://goo.gl/fbAQLP

exports[`TreeSelect renders correctly 1`] = `
<div
  class="cloud-tree-select"
>
  <div
    class="cloud-tree-select-wrapper empty"
  >
    <span
      class="cloud-tree-select-selected"
    >
      选择一个选项
    </span>
    <i
      class="cloud-tree-select-select-icon cloud-tree-select-clear-icon cloud-icon icon-close-circle-solid"
    />
    <i
      class="cloud-tree-select-select-icon close cloud-icon icon-down-solid"
    />
  </div>
</div>
`;
