// Jest Snapshot v1, https://goo.gl/fbAQLP

exports[`Radio renders correctly 1`] = `
<div
  class="cloud-radio-container"
>
  <label
    class="cloud-radio"
  >
    <span
      class="cloud-radio-wrapper"
    >
      <input
        checked=""
        class="cloud-radio-input"
        type="radio"
        value="1"
      />
      <span
        class="cloud-radio-inner"
      />
    </span>
    <span
      class="cloud-radio-text"
    >
      单选
    </span>
  </label>
</div>
`;
