// Jest Snapshot v1, https://goo.gl/fbAQLP

exports[`YearPicker renders correctly 1`] = `
<div>
  <div
    class="cloud-datepicker-container"
  >
    <div
      class="cloud-datepicker-inp-block"
    >
      <div
        class="cloud-input-group cloud-input-affix cloud-datepicker-inp"
        style="width:230px"
      >
        <input
          class="cloud-input default"
          height="259"
          placeholder="请选择日期"
          readonly=""
        />
        <div
          class="cloud-input-suffix"
        >
          <i
            class="cloud-input-clear cloud-icon cloud-icon-close-circle-solid"
          />
          <i
            class="cloud-datepicker-inp-icon cloud-icon cloud-icon-calendar"
          />
        </div>
      </div>
    </div>
  </div>
  <span
    style="color:#979797;margin:0 5px"
  >
    -
  </span>
  <div
    class="cloud-datepicker-container"
  >
    <div
      class="cloud-datepicker-inp-block"
    >
      <div
        class="cloud-input-group cloud-input-affix cloud-datepicker-inp"
        style="width:230px"
      >
        <input
          class="cloud-input default"
          height="259"
          placeholder="请选择日期"
          readonly=""
        />
        <div
          class="cloud-input-suffix"
        >
          <i
            class="cloud-input-clear cloud-icon cloud-icon-close-circle-solid"
          />
          <i
            class="cloud-datepicker-inp-icon cloud-icon cloud-icon-calendar"
          />
        </div>
      </div>
    </div>
  </div>
</div>
`;
